[sedra-center.com/index.html]
[backblue.gif]
[fade.gif]
[index.html]
[sedra-center.com/wp-content/uploads/2021/07/Rania-wide-2.jpg]
[sedra-center.com/wp-content/litespeed/ucss/099e2aca6c2f0d72ceca3f5789a68a996342.css]
[sedra-center.com/wp-json/index.html]
[sedra-center.com/xmlrpc0db0.php]
[sedra-center.com/comments/feed/index.html]
[sedra-center.com/feed/index.html]
[sedra-center.com/wp-includes/wlwmanifest.xml]
[sedra-center.com/wp-json/oembed/1.0/embed63b5.json]
[sedra-center.com/wp-json/oembed/1.0/embedfecf]
[sedra-center.com/wp-content/uploads/2020/10/Sedra-Logo-512x512-1-150x150.jpg]
[sedra-center.com/wp-content/uploads/2020/10/Sedra-Logo-512x512-1-300x300.jpg]
[sedra-center.com/all-courses/index.html]
[sedra-center.com/arabic-for-kids/index.html]
[sedra-center.com/classical-arabic/index.html]
[sedra-center.com/_data_image/svg+xml,_svg xmlns=http_/www.w3.org/2000/svg preserveAspectRatio=none overflow=visible h/__/svg_]
[sedra-center.com/colloquial-arabic/index.html]
[sedra-center.com/advanced-grammar/index.html]
[sedra-center.com/conversational-arabic/index.html]
[sedra-center.com/holy-quran/index.html]
[sedra-center.com/wp-content/plugins/litespeed-cache/guest.vary.html]
[sedra-center.com/index.html]
[sedra-center.com/wp-content/themes/astra/assets/fonts/astra.woff]
[sedra-center.com/wp-content/litespeed/ucss/099e2aca6c2f0d72ceca3f5789a68a996342.css]
[sedra-center.com/wp-json/wp/v2/pages/850]
[sedra-center.com/ar/index.html]
[sedra-center.com/wp-content/uploads/2021/03/bg-07-free-img.jpg]
[sedra-center.com/wp-content/litespeed/ucss/1803dc97cea517e8d8fca398076b62786342.css]
[sedra-center.com/wp-json/wp/v2/pages/476.json]
[sedra-center.com/wp-json/oembed/1.0/embed2461.json]
[sedra-center.com/wp-json/oembed/1.0/embed0834]
[sedra-center.com/all-courses/index.html]
[sedra-center.com/wp-content/litespeed/ucss/daa3a8e0251fe0ce6bfad076acab70346342.css]
[sedra-center.com/wp-json/wp/v2/pages/1196.json]
[sedra-center.com/wp-json/oembed/1.0/embed05f0.json]
[sedra-center.com/wp-json/oembed/1.0/embed0922]
[sedra-center.com/arabic-for-kids/index.html]
[sedra-center.com/wp-content/litespeed/ucss/3ba55e7d542bb4c524f0378b47e0840f6342.css]
[sedra-center.com/wp-json/wp/v2/pages/1213.json]
[sedra-center.com/wp-json/oembed/1.0/embedd40b.json]
[sedra-center.com/wp-json/oembed/1.0/embed0130]
[sedra-center.com/classical-arabic/index.html]
[sedra-center.com/wp-content/litespeed/ucss/8af334177213cada0dfd1790c3e99d9c6342.css]
[sedra-center.com/wp-json/wp/v2/pages/1218.json]
[sedra-center.com/wp-json/oembed/1.0/embedf404.json]
[sedra-center.com/wp-json/oembed/1.0/embed3664]
[sedra-center.com/colloquial-arabic/index.html]
[sedra-center.com/wp-content/litespeed/ucss/bfe1ac8695addd6df4dcc308c26a8a4c6342.css]
[sedra-center.com/wp-json/wp/v2/pages/1511.json]
[sedra-center.com/wp-json/oembed/1.0/embedb343.json]
[sedra-center.com/wp-json/oembed/1.0/embed2766]
[sedra-center.com/conversational-arabic/index.html]
[sedra-center.com/wp-content/uploads/2021/06/Sedra-Logo-PixTeller-wide.jpg]
[sedra-center.com/wp-content/litespeed/css/79aa7170e563752eeaa87119a26678a46342.css]
[sedra-center.com/wp-json/oembed/1.0/embed26cd.json]
[sedra-center.com/wp-json/oembed/1.0/embed41bf]
[sedra-center.com/advanced-grammar/index.html]
[sedra-center.com/advanced-eloquence/index.html]
[sedra-center.com/wp-content/litespeed/css/168d0a9b0045c8a3ad5da299a5248f166342.css]
[sedra-center.com/wp-json/wp/v2/pages/1226.json]
[sedra-center.com/wp-json/oembed/1.0/embeddc56.json]
[sedra-center.com/wp-json/oembed/1.0/embed5427]
[sedra-center.com/holy-quran/index.html]
[sedra-center.com/_data_image/svg+xml,_svg xmlns=http_/www.w3.org/2000/svg preserveAspectRatio=none overflow=visible h/__/svg_.html]
[sedra-center.com/wp-content/plugins/litespeed-cache/guest.vary.html]
[sedra-center.com/wp-content/litespeed/css/f3eb469210c94b09346bb7b7a2fe8981c616.css]
[sedra-center.com/contact/index.html]
[sedra-center.com/pricing-faq/index.html]
[sedra-center.com/about-us/index.html]
[sedra-center.com/wp-content/litespeed/css/effa65af434fe1fdb7bcd407400a6c5e417b.css]
[sedra-center.com/ar/feed/index.html]
[sedra-center.com/wp-content/litespeed/css/63a614dd2c93e6214345198aa58109efb9ac.css]
[sedra-center.com/ar/comments/feed/index.html]
[sedra-center.com/wp-content/litespeed/css/a15a01bb690b600141c0de8ffe9452655b64.css]
[sedra-center.com/wp-content/litespeed/css/d35b60f7f7e891d97aa7f8a4d84cbd63ac72.css]
[sedra-center.com/wp-content/litespeed/css/b722730cf9e8ecf23182d33cb0c1e387d7b8.css]
[sedra-center.com/wp-content/litespeed/css/d6af823d5f8642a79a4d73cf12f6ed486ed5.css]
[sedra-center.com/wp-content/litespeed/css/e1464f48eb9afb9a718d9c52c46a745eb235.css]
[sedra-center.com/wp-content/plugins/elementor/assets/lib/eicons/fonts/eicons0b93.eot]
[sedra-center.com/wp-content/litespeed/css/9d82d819485ccaef43d48e0ce94728927744.css]
[sedra-center.com/wp-content/litespeed/css/7debc908f812ab415878ed45df6bd3b361d4.css]
[sedra-center.com/wp-content/litespeed/css/400b9258a556c6b3dd8b087da5624e6fc268.css]
[sedra-center.com/wp-json/wp/v2/pages/865.json]
[sedra-center.com/wp-json/oembed/1.0/embed233b.json]
[sedra-center.com/wp-json/oembed/1.0/embedf365]
[sedra-center.com/ar/all-courses-ar/index.html]
[sedra-center.com/ar/arabic-for-kids-ar/index.html]
[sedra-center.com/ar/_data_image/svg+xml,_svg xmlns=http_/www.w3.org/2000/svg preserveAspectRatio=none overflow=visible h/__/svg_]
[sedra-center.com/ar/classical-arabic-ar/index.html]
[sedra-center.com/ar/colloquial-arabic-ar/index.html]
[sedra-center.com/wp-content/litespeed/css/4a2eb60315107b92efb20a76a1f6eaf95658.css]
[sedra-center.com/ar/conversational-arabic-ar/index.html]
[sedra-center.com/ar/advanced-grammar-ar/index.html]
[sedra-center.com/ar/advanced-eloquence-ar/index.html]
[sedra-center.com/wp-content/litespeed/css/733f9853526c136af4a10ee5429d49bb1cf3.css]
[sedra-center.com/ar/holy-quran-ar/index.html]
[sedra-center.com/wp-content/litespeed/js/54c189b3d0130fea2910a0ede753e0a31ab7.js]
[sedra-center.com/wp-content/litespeed/js/f2b5dbc165ad623658f836b1e6562ea50b22.js]
[sedra-center.com/ar/about-us-ar/index.html]
[sedra-center.com/ar/pricing-faq-ar/index.html]
[sedra-center.com/wp-content/litespeed/js/23828d7d42394ffbbda5366c06c084716316.js]
[sedra-center.com/wp-includes/js/jquery/jquery.min.js]
[sedra-center.com/wp-content/litespeed/js/aacc61657f38908567c3cde437ca40777942.js]
[sedra-center.com/ar/contact-us-ar/index.html]
[sedra-center.com/wp-content/litespeed/js/8151f09df410e506ec2db2851cb21d4d3043.js]
[sedra-center.com/wp-content/litespeed/js/0ad4213f2815befc92322a5367857005dd2a.js]
[sedra-center.com/wp-content/litespeed/js/93b211fd979867be7e7bf5f4490294ecbe96.js]
[sedra-center.com/wp-content/litespeed/js/072f335af4eb0ecca5a5846325f87ab92f0b.js]
[sedra-center.com/wp-content/litespeed/js/c5562a3c67d094a171e068b2e5008487b22d.js]
[sedra-center.com/wp-content/litespeed/js/3658e44e83e7caac888248bcef386a29fd04.js]
[sedra-center.com/wp-content/litespeed/js/47a00113410c49c4a2c0ecc6bc8822093e72.js]
[sedra-center.com/wp-content/litespeed/js/3b2a427833974002d0e2cae0cb21a30cf04e.js]
[sedra-center.com/ar/index.html]
[sedra-center.com/wp-content/litespeed/ucss/1803dc97cea517e8d8fca398076b62786342.css]
[sedra-center.com/index2847.html]
[sedra-center.com/wp-content/litespeed/ucss/daa3a8e0251fe0ce6bfad076acab70346342.css]
[sedra-center.com/index570b.html]
[sedra-center.com/wp-content/litespeed/ucss/3ba55e7d542bb4c524f0378b47e0840f6342.css]
[sedra-center.com/index6b98.html]
[sedra-center.com/wp-content/litespeed/ucss/8af334177213cada0dfd1790c3e99d9c6342.css]
[sedra-center.com/index9e83.html]
[sedra-center.com/wp-content/litespeed/ucss/bfe1ac8695addd6df4dcc308c26a8a4c6342.css]
[sedra-center.com/index071e.html]
[sedra-center.com/wp-content/plugins/elementor/assets/lib/eicons/fonts/eicons02d6.woff2]
[sedra-center.com/wp-content/plugins/elementor/assets/lib/eicons/fonts/eicons02d6.woff]
[sedra-center.com/wp-content/plugins/elementor/assets/lib/eicons/fonts/eicons02d6.eot]
[sedra-center.com/wp-content/litespeed/css/79aa7170e563752eeaa87119a26678a46342.css]
[sedra-center.com/index29f2.html]
[sedra-center.com/wp-content/plugins/elementor/assets/lib/eicons/fonts/eicons02d6.ttf]
[sedra-center.com/wp-content/plugins/elementor/assets/lib/eicons/fonts/eicons02d6.svg]
[sedra-center.com/wp-json/wp/v2/pages/1316]
[sedra-center.com/wp-content/litespeed/css/0e6f4815a2c16889c391759c5092dab8352b.css]
[sedra-center.com/wp-content/litespeed/css/95be0847aa2895268701e0927a1ecd38d2db.css]
[sedra-center.com/wp-content/litespeed/css/d8273bfb3aa06a2b4da850c1174b9130d2b5.css]
[sedra-center.com/wp-content/litespeed/css/17d9ecdb39a3336d29fac83a0c1796efef6d.css]
[sedra-center.com/wp-json/wp/v2/pages/1328.json]
[sedra-center.com/wp-json/oembed/1.0/embed963b.json]
[sedra-center.com/wp-json/oembed/1.0/embed1b5d]
[sedra-center.com/advanced-eloquence/index.html]
[sedra-center.com/wp-content/litespeed/css/168d0a9b0045c8a3ad5da299a5248f166342.css]
[sedra-center.com/indexa5f9.html]
[sedra-center.com/wp-content/uploads/2021/08/IMG-20180502-WA0001.jpg]
[sedra-center.com/wp-content/litespeed/css/6c94d3bc214827f58c920334c64bba2587c4.css]
[sedra-center.com/wp-json/wp/v2/pages/851.json]
[sedra-center.com/wp-json/oembed/1.0/embed5f53.json]
[sedra-center.com/wp-json/oembed/1.0/embedcddc]
[sedra-center.com/about-us/_data_image/svg+xml,_svg xmlns=http_/www.w3.org/2000/svg preserveAspectRatio=none overflow=visible h/__/svg_]
[sedra-center.com/about-us/index.html]
[sedra-center.com/wp-content/uploads/2020/10/pattern-v.png]
[sedra-center.com/wp-content/litespeed/css/4dbe96db989316de43abc9cbaa2224c3076e.css]
[sedra-center.com/wp-json/wp/v2/pages/16.json]
[sedra-center.com/wp-json/oembed/1.0/embeda7c1.json]
[sedra-center.com/wp-json/oembed/1.0/embed331a]
[sedra-center.com/pricing-faq/_data_image/svg+xml,_svg xmlns=http_/www.w3.org/2000/svg preserveAspectRatio=none overflow=visible h/__/svg_]
[sedra-center.com/pricing-faq/index.html]
[sedra-center.com/wp-content/uploads/2020/02/bg-06-free-img.jpg]
[sedra-center.com/wp-content/litespeed/css/abb09c53d9ba81efb374756822642a0172ec.css]
[sedra-center.com/wp-content/litespeed/css/6064fe0b8c9396f73bf00b653a4ab651d93d.css]
[sedra-center.com/wp-json/wp/v2/pages/852.json]
[sedra-center.com/wp-json/oembed/1.0/embedf487]
[sedra-center.com/contact/_data_image/svg+xml,_svg xmlns=http_/www.w3.org/2000/svg preserveAspectRatio=none overflow=visible h/__/svg_]
[sedra-center.com/contact/index.html]
[sedra-center.com/wp-content/litespeed/css/f3eb469210c94b09346bb7b7a2fe8981c616.css]
[sedra-center.com/wp-content/litespeed/css/effa65af434fe1fdb7bcd407400a6c5e417b.css]
[sedra-center.com/wp-content/litespeed/css/63a614dd2c93e6214345198aa58109efb9ac.css]
[sedra-center.com/wp-content/litespeed/css/a15a01bb690b600141c0de8ffe9452655b64.css]
[sedra-center.com/wp-content/litespeed/css/d35b60f7f7e891d97aa7f8a4d84cbd63ac72.css]
[sedra-center.com/wp-content/litespeed/css/b722730cf9e8ecf23182d33cb0c1e387d7b8.css]
[sedra-center.com/wp-content/litespeed/css/d6af823d5f8642a79a4d73cf12f6ed486ed5.css]
[sedra-center.com/wp-content/litespeed/css/e1464f48eb9afb9a718d9c52c46a745eb235.css]
[sedra-center.com/wp-content/litespeed/css/9d82d819485ccaef43d48e0ce94728927744.css]
[sedra-center.com/wp-content/litespeed/css/7debc908f812ab415878ed45df6bd3b361d4.css]
[sedra-center.com/wp-content/plugins/elementor/assets/lib/font-awesome/webfonts/fa-solid-900d41d.eot]
[sedra-center.com/wp-content/plugins/elementor/assets/lib/font-awesome/webfonts/fa-solid-900.woff2]
[sedra-center.com/wp-content/plugins/elementor/assets/lib/font-awesome/webfonts/fa-solid-900.woff]
[sedra-center.com/wp-content/litespeed/css/400b9258a556c6b3dd8b087da5624e6fc268.css]
[sedra-center.com/wp-content/litespeed/css/9a4d1ca425dda280f6f55773f33be7ead4b5.css]
[sedra-center.com/wp-content/plugins/elementor/assets/lib/font-awesome/webfonts/fa-solid-900.ttf]
[sedra-center.com/wp-json/wp/v2/pages/1559.json]
[sedra-center.com/wp-content/plugins/elementor/assets/lib/font-awesome/webfonts/fa-solid-900.svg]
[sedra-center.com/wp-json/oembed/1.0/embed0c61.json]
[sedra-center.com/wp-json/oembed/1.0/embed739c]
[sedra-center.com/ar/all-courses-ar/index.html]
[sedra-center.com/wp-content/litespeed/css/383abbfa4515dcef435f3d8be11c8d785ec0.css]
[sedra-center.com/wp-json/wp/v2/pages/1602.json]
[sedra-center.com/wp-json/oembed/1.0/embed43c4.json]
[sedra-center.com/wp-json/oembed/1.0/embedefdc]
[sedra-center.com/ar/arabic-for-kids-ar/index.html]
[sedra-center.com/wp-content/litespeed/css/b1f393272816b1a20ebb36807b86a26f4068.css]
[sedra-center.com/wp-json/wp/v2/pages/1611.json]
[sedra-center.com/wp-json/oembed/1.0/embedd382.json]
[sedra-center.com/wp-json/oembed/1.0/embed1bd0]
[sedra-center.com/ar/classical-arabic-ar/index.html]
[sedra-center.com/wp-content/litespeed/css/687155a3f33c09049a4c003d3275cf4112a3.css]
[sedra-center.com/wp-json/wp/v2/pages/1621.json]
[sedra-center.com/wp-json/oembed/1.0/embed1903.json]
[sedra-center.com/wp-json/oembed/1.0/embedf462]
[sedra-center.com/ar/colloquial-arabic-ar/index.html]
[sedra-center.com/wp-content/litespeed/css/9a0b6f3b619e57db89cc93ae23abd058542d.css]
[sedra-center.com/wp-json/wp/v2/pages/1632.json]
[sedra-center.com/wp-json/oembed/1.0/embed6b0d.json]
[sedra-center.com/wp-json/oembed/1.0/embed823b]
[sedra-center.com/ar/conversational-arabic-ar/index.html]
[sedra-center.com/wp-content/litespeed/css/6809cfc7e1bf157cdaf3ab42593373a3b723.css]
[sedra-center.com/wp-json/wp/v2/pages/1670.json]
[sedra-center.com/wp-json/oembed/1.0/embed7942.json]
[sedra-center.com/wp-json/oembed/1.0/embed8d89]
[sedra-center.com/ar/advanced-grammar-ar/index.html]
[sedra-center.com/wp-content/litespeed/css/2a069bd4493e0a15b9dd1c0a56d9ff3309db.css]
[sedra-center.com/wp-json/wp/v2/pages/1688.json]
[sedra-center.com/wp-json/oembed/1.0/embed120b.json]
[sedra-center.com/wp-json/oembed/1.0/embed3607]
[sedra-center.com/ar/advanced-eloquence-ar/index.html]
[sedra-center.com/wp-content/litespeed/css/9bd4a861aa157178d6ac588195e7195ae762.css]
[sedra-center.com/wp-json/wp/v2/pages/1702.json]
[sedra-center.com/wp-json/oembed/1.0/embed2b1e.json]
[sedra-center.com/wp-json/oembed/1.0/embed5738]
[sedra-center.com/ar/holy-quran-ar/index.html]
[sedra-center.com/wp-content/litespeed/css/0dd182e892b91bbaae0f211256f9af51c7c9.css]
[sedra-center.com/wp-json/wp/v2/pages/920.json]
[sedra-center.com/wp-json/oembed/1.0/embedd5b8.json]
[sedra-center.com/wp-json/oembed/1.0/embed545e]
[sedra-center.com/ar/about-us-ar/_data_image/svg+xml,_svg xmlns=http_/www.w3.org/2000/svg preserveAspectRatio=none overflow=visible h/__/svg_]
[sedra-center.com/ar/about-us-ar/index.html]
[sedra-center.com/wp-content/litespeed/css/57f31aa8c6fa58434acf9d923617298ce9c9.css]
[sedra-center.com/wp-json/wp/v2/pages/1586.json]
[sedra-center.com/wp-json/oembed/1.0/embedaa28.json]
[sedra-center.com/wp-json/oembed/1.0/embed8e83]
[sedra-center.com/ar/pricing-faq-ar/_data_image/svg+xml,_svg xmlns=http_/www.w3.org/2000/svg preserveAspectRatio=none overflow=visible h/__/svg_]
[sedra-center.com/ar/pricing-faq-ar/index.html]
[sedra-center.com/wp-content/litespeed/css/d2810f281a1446c1e55877650110f93599d8.css]
[sedra-center.com/wp-json/wp/v2/pages/1479.json]
[sedra-center.com/wp-json/oembed/1.0/embed2953.json]
[sedra-center.com/wp-json/oembed/1.0/embed142f]
[sedra-center.com/ar/contact-us-ar/_data_image/svg+xml,_svg xmlns=http_/www.w3.org/2000/svg preserveAspectRatio=none overflow=visible h/__/svg_]
[sedra-center.com/ar/contact-us-ar/index.html]
[sedra-center.com/ar/_data_image/svg+xml,_svg xmlns=http_/www.w3.org/2000/svg preserveAspectRatio=none overflow=visible h/__/svg_.html]
[sedra-center.com/wp-content/litespeed/css/4a2eb60315107b92efb20a76a1f6eaf95658.css]
[sedra-center.com/wp-content/litespeed/css/733f9853526c136af4a10ee5429d49bb1cf3.css]
[sedra-center.com/wp-content/litespeed/js/54c189b3d0130fea2910a0ede753e0a31ab7.js]
[sedra-center.com/wp-content/litespeed/js/f2b5dbc165ad623658f836b1e6562ea50b22.js]
[sedra-center.com/wp-content/litespeed/js/23828d7d42394ffbbda5366c06c084716316.js]
[sedra-center.com/wp-includes/js/jquery/jquery.min.js]
[sedra-center.com/wp-content/litespeed/js/aacc61657f38908567c3cde437ca40777942.js]
[sedra-center.com/wp-content/litespeed/js/8151f09df410e506ec2db2851cb21d4d3043.js]
[sedra-center.com/wp-content/litespeed/js/0ad4213f2815befc92322a5367857005dd2a.js]
[sedra-center.com/wp-content/litespeed/js/93b211fd979867be7e7bf5f4490294ecbe96.js]
[sedra-center.com/wp-content/litespeed/js/072f335af4eb0ecca5a5846325f87ab92f0b.js]
[sedra-center.com/ar/Edge/index.html]
[sedra-center.com/ar/Trident/index.html]
[sedra-center.com/wp-content/litespeed/js/c5562a3c67d094a171e068b2e5008487b22d.js]
[sedra-center.com/ar/Firefox/index.html]
[sedra-center.com/wp-content/litespeed/js/3658e44e83e7caac888248bcef386a29fd04.js]
[sedra-center.com/ar/Gecko/index.html]
[sedra-center.com/wp-content/litespeed/js/47a00113410c49c4a2c0ecc6bc8822093e72.js]
[sedra-center.com/wp-content/litespeed/js/3b2a427833974002d0e2cae0cb21a30cf04e.js]
[sedra-center.com/ar/Version/index.html]
[sedra-center.com/ar/version/index-2.html]
[sedra-center.com/wp-content/plugins/elementor/assets/lib/eicons/fonts/eicons02d6.svg]
[sedra-center.com/wp-content/litespeed/css/0e6f4815a2c16889c391759c5092dab8352b.css]
[sedra-center.com/wp-content/litespeed/css/95be0847aa2895268701e0927a1ecd38d2db.css]
[sedra-center.com/wp-content/litespeed/css/d8273bfb3aa06a2b4da850c1174b9130d2b5.css]
[sedra-center.com/wp-content/litespeed/css/17d9ecdb39a3336d29fac83a0c1796efef6d.css]
[sedra-center.com/index8d07.html]
[sedra-center.com/wp-content/uploads/2021/06/bg-09-free-img.jpg.webp]
[sedra-center.com/wp-content/litespeed/css/6c94d3bc214827f58c920334c64bba2587c4.css]
[sedra-center.com/index905a.html]
[sedra-center.com/about-us/_data_image/svg+xml,_svg xmlns=http_/www.w3.org/2000/svg preserveAspectRatio=none overflow=visible h/__/svg_.html]
[sedra-center.com/wp-content/uploads/2020/02/bg-05-free-img.jpg.webp]
[sedra-center.com/wp-content/litespeed/css/4dbe96db989316de43abc9cbaa2224c3076e.css]
[sedra-center.com/index0e62.html]
[sedra-center.com/pricing-faq/_data_image/svg+xml,_svg xmlns=http_/www.w3.org/2000/svg preserveAspectRatio=none overflow=visible h/__/svg_.html]
[sedra-center.com/wp-content/uploads/2020/02/bg-06-free-img.jpg.webp]
[sedra-center.com/wp-content/litespeed/css/abb09c53d9ba81efb374756822642a0172ec.css]
[sedra-center.com/wp-content/plugins/elementor/assets/lib/font-awesome/webfonts/fa-brands-400.woff2]
[sedra-center.com/wp-content/plugins/elementor/assets/lib/font-awesome/webfonts/fa-brands-400.eot]
[sedra-center.com/wp-content/plugins/elementor/assets/lib/font-awesome/webfonts/fa-brands-400d41d.eot]
[sedra-center.com/wp-content/plugins/elementor/assets/lib/font-awesome/webfonts/fa-brands-400.woff]
[sedra-center.com/wp-content/litespeed/css/6064fe0b8c9396f73bf00b653a4ab651d93d.css]
[sedra-center.com/index914d.html]
[sedra-center.com/contact/_data_image/svg+xml,_svg xmlns=http_/www.w3.org/2000/svg preserveAspectRatio=none overflow=visible h/__/svg_.html]
[sedra-center.com/wp-content/plugins/elementor/assets/lib/font-awesome/webfonts/fa-brands-400.ttf]
[sedra-center.com/wp-content/uploads/2021/09/Rania_wide.webp]
[sedra-center.com/wp-json/oembed/1.0/embedc3c3]
[sedra-center.com/wp-content/plugins/elementor/assets/lib/font-awesome/webfonts/fa-solid-900.eot]
[sedra-center.com/wp-content/plugins/elementor/assets/lib/font-awesome/webfonts/fa-brands-400.svg]
[sedra-center.com/wp-content/plugins/elementor/assets/lib/font-awesome/webfonts/fa-solid-900.svg]
[sedra-center.com/wp-content/litespeed/css/9a4d1ca425dda280f6f55773f33be7ead4b5.css]
[sedra-center.com/index8fe5.html]
[sedra-center.com/wp-content/litespeed/css/383abbfa4515dcef435f3d8be11c8d785ec0.css]
[sedra-center.com/indexc573.html]
[sedra-center.com/wp-content/litespeed/css/b1f393272816b1a20ebb36807b86a26f4068.css]
[sedra-center.com/index93ac.html]
[sedra-center.com/wp-content/litespeed/css/687155a3f33c09049a4c003d3275cf4112a3.css]
[sedra-center.com/indexcd66.html]
[sedra-center.com/wp-content/litespeed/css/9a0b6f3b619e57db89cc93ae23abd058542d.css]
[sedra-center.com/index1633.html]
[sedra-center.com/wp-content/litespeed/css/6809cfc7e1bf157cdaf3ab42593373a3b723.css]
[sedra-center.com/indexfb54.html]
[sedra-center.com/wp-content/litespeed/css/2a069bd4493e0a15b9dd1c0a56d9ff3309db.css]
[sedra-center.com/index7321.html]
[sedra-center.com/wp-content/litespeed/css/9bd4a861aa157178d6ac588195e7195ae762.css]
[sedra-center.com/index6a33.html]
[sedra-center.com/wp-content/litespeed/css/0dd182e892b91bbaae0f211256f9af51c7c9.css]
[sedra-center.com/index8f9f.html]
[sedra-center.com/ar/about-us-ar/_data_image/svg+xml,_svg xmlns=http_/www.w3.org/2000/svg preserveAspectRatio=none overflow=visible h/__/svg_.html]
[sedra-center.com/wp-content/litespeed/css/57f31aa8c6fa58434acf9d923617298ce9c9.css]
[sedra-center.com/index676b.html]
[sedra-center.com/ar/pricing-faq-ar/_data_image/svg+xml,_svg xmlns=http_/www.w3.org/2000/svg preserveAspectRatio=none overflow=visible h/__/svg_.html]
[sedra-center.com/wp-content/litespeed/css/d2810f281a1446c1e55877650110f93599d8.css]
[sedra-center.com/index2f99.html]
[sedra-center.com/ar/contact-us-ar/_data_image/svg+xml,_svg xmlns=http_/www.w3.org/2000/svg preserveAspectRatio=none overflow=visible h/__/svg_.html]
[sedra-center.com/ar/Trident/index.html]
[sedra-center.com/ar/Edge/index.html]
[sedra-center.com/ar/Gecko/index.html]
[sedra-center.com/ar/Firefox/index.html]
[sedra-center.com/ar/Version/index.html]
[sedra-center.com/ar/version/index-2.html]
[sedra-center.com/wp-content/uploads/2021/03/bg-07-free-img.jpg.webp]
[sedra-center.com/wp-content/uploads/2021/09/about.webp]
[sedra-center.com/ar/-negative.svg]
[sedra-center.com/wp-content/plugins/elementor/assets/lib/font-awesome/webfonts/fa-brands-400.svg]
[sedra-center.com/ar/-negative.svg]
[sedra-center.com/ar/OPR/index.html]
[sedra-center.com/ar/OPR/index.html]
